<?php return array (
  0 => 'Symfony\\Bundle\\FrameworkBundle\\Controller\\AbstractController',
  1 => 'App\\Controller\\AdminUserController',
  2 => 'App\\Controller\\CategorieController',
  3 => 'App\\Controller\\EspacepartenaireController',
  4 => 'App\\Controller\\HelloController',
  5 => 'App\\Controller\\ReclamationController',
  6 => 'App\\Controller\\RegistrationController',
  7 => 'App\\Controller\\ReponseController',
  8 => 'App\\Controller\\ResetPasswordController',
  9 => 'App\\Controller\\SecurityController',
  10 => 'App\\Controller\\TypeController',
  11 => 'App\\Controller\\UserController',
  12 => 'App\\Entity\\Categorie',
  13 => 'App\\Entity\\Espacepartenaire',
  14 => 'App\\Entity\\MessengerMessages',
  15 => 'App\\Entity\\Reclamation',
  16 => 'App\\Entity\\Reponse',
  17 => 'App\\Entity\\ResetPasswordRequest',
  18 => 'App\\Entity\\Type',
  19 => 'App\\Entity\\Utilisateur',
  20 => 'Doctrine\\Bundle\\DoctrineBundle\\Controller\\ProfilerController',
  21 => 'Doctrine\\ORM\\Cache\\Persister\\Entity\\AbstractEntityPersister',
  22 => 'Doctrine\\ORM\\Cache\\Persister\\Entity\\CachedEntityPersister',
  23 => 'Doctrine\\ORM\\Cache\\Persister\\Entity\\NonStrictReadWriteCachedEntityPersister',
  24 => 'Doctrine\\ORM\\Cache\\Persister\\Entity\\ReadOnlyCachedEntityPersister',
  25 => 'Doctrine\\ORM\\Cache\\Persister\\Entity\\ReadWriteCachedEntityPersister',
  26 => 'Doctrine\\ORM\\Persisters\\Entity\\AbstractEntityInheritancePersister',
  27 => 'Doctrine\\ORM\\Persisters\\Entity\\BasicEntityPersister',
  28 => 'Doctrine\\ORM\\Persisters\\Entity\\CachedPersisterContext',
  29 => 'Doctrine\\ORM\\Persisters\\Entity\\EntityPersister',
  30 => 'Doctrine\\ORM\\Persisters\\Entity\\JoinedSubclassPersister',
  31 => 'Doctrine\\ORM\\Persisters\\Entity\\SingleTablePersister',
  32 => 'Endroid\\QrCodeBundle\\Controller\\GenerateController',
  33 => 'SymfonyCasts\\Bundle\\ResetPassword\\Controller\\ResetPasswordControllerTrait',
  35 => 'Symfony\\Bundle\\FrameworkBundle\\Controller\\ControllerResolver',
  36 => 'Symfony\\Bundle\\FrameworkBundle\\Controller\\RedirectController',
  37 => 'Symfony\\Bundle\\FrameworkBundle\\Controller\\TemplateController',
  38 => 'Symfony\\Bundle\\WebProfilerBundle\\Controller\\ExceptionPanelController',
  39 => 'Symfony\\Bundle\\WebProfilerBundle\\Controller\\ProfilerController',
  40 => 'Symfony\\Bundle\\WebProfilerBundle\\Controller\\RouterController',
  41 => 'Symfony\\Component\\HttpKernel\\Controller\\ArgumentResolver',
  42 => 'Symfony\\Component\\HttpKernel\\Controller\\ArgumentResolverInterface',
  43 => 'Symfony\\Component\\HttpKernel\\Controller\\ArgumentResolver\\DefaultValueResolver',
  44 => 'Symfony\\Component\\HttpKernel\\Controller\\ArgumentResolver\\NotTaggedControllerValueResolver',
  45 => 'Symfony\\Component\\HttpKernel\\Controller\\ArgumentResolver\\RequestAttributeValueResolver',
  46 => 'Symfony\\Component\\HttpKernel\\Controller\\ArgumentResolver\\RequestValueResolver',
  47 => 'Symfony\\Component\\HttpKernel\\Controller\\ArgumentResolver\\ServiceValueResolver',
  48 => 'Symfony\\Component\\HttpKernel\\Controller\\ArgumentResolver\\SessionValueResolver',
  49 => 'Symfony\\Component\\HttpKernel\\Controller\\ArgumentResolver\\TraceableValueResolver',
  50 => 'Symfony\\Component\\HttpKernel\\Controller\\ArgumentResolver\\VariadicValueResolver',
  51 => 'Symfony\\Component\\HttpKernel\\Controller\\ArgumentValueResolverInterface',
  52 => 'Symfony\\Component\\HttpKernel\\Controller\\ContainerControllerResolver',
  53 => 'Symfony\\Component\\HttpKernel\\Controller\\ControllerReference',
  54 => 'Symfony\\Component\\HttpKernel\\Controller\\ControllerResolver',
  55 => 'Symfony\\Component\\HttpKernel\\Controller\\ControllerResolverInterface',
  56 => 'Symfony\\Component\\HttpKernel\\Controller\\ErrorController',
  57 => 'Symfony\\Component\\HttpKernel\\Controller\\TraceableArgumentResolver',
  58 => 'Symfony\\Component\\HttpKernel\\Controller\\TraceableControllerResolver',
  59 => 'Symfony\\Component\\Security\\Http\\Controller\\UserValueResolver',
  60 => 'Vich\\UploaderBundle\\Entity\\File',
);